[INFO] Scanning for projects...
[INFO] 
[INFO] --------------< ua.pp.shubchynskyi:authorization-service >--------------
[INFO] Building Authorization Service 0.0.1-SNAPSHOT
[INFO]   from pom.xml
[INFO] --------------------------------[ jar ]---------------------------------
[INFO] 
[INFO] --- resources:3.3.1:resources (default-resources) @ authorization-service ---
[INFO] Copying 1 resource from src\main\resources to target\classes
[INFO] Copying 1 resource from src\main\resources to target\classes
[INFO] 
[INFO] --- compiler:3.14.0:compile (default-compile) @ authorization-service ---
[INFO] Nothing to compile - all classes are up to date.
[INFO] 
[INFO] --- resources:3.3.1:testResources (default-testResources) @ authorization-service ---
[INFO] Copying 1 resource from src\test\resources to target\test-classes
[INFO] 
[INFO] --- compiler:3.14.0:testCompile (default-testCompile) @ authorization-service ---
[INFO] Nothing to compile - all classes are up to date.
[INFO] 
[INFO] --- surefire:3.5.3:test (default-test) @ authorization-service ---
[INFO] Using auto detected provider org.apache.maven.surefire.junitplatform.JUnitPlatformProvider
[INFO] 
[INFO] -------------------------------------------------------
[INFO]  T E S T S
[INFO] -------------------------------------------------------
[INFO] Running com.authenticationservice.controller.AdminControllerIntegrationTest
22:53:01.763 [main] INFO org.springframework.test.context.support.AnnotationConfigContextLoaderUtils -- Could not detect default configuration classes for test class [com.authenticationservice.controller.AdminControllerIntegrationTest]: AdminControllerIntegrationTest does not declare any static, non-private, non-final, nested classes annotated with @Configuration.
22:53:01.852 [main] INFO org.springframework.boot.test.context.SpringBootTestContextBootstrapper -- Found @SpringBootConfiguration com.authenticationservice.AuthenticationServiceApplication for test class com.authenticationservice.controller.AdminControllerIntegrationTest
22:53:01.921 [main] INFO org.testcontainers.images.PullPolicy -- Image pull policy will be performed by: DefaultPullPolicy()
22:53:01.923 [main] INFO org.testcontainers.utility.ImageNameSubstitutor -- Image name substitution will be performed by: DefaultImageNameSubstitutor (composite of 'ConfigurationFileImageNameSubstitutor' and 'PrefixingImageNameSubstitutor')
22:53:01.953 [main] INFO org.testcontainers.DockerClientFactory -- Testcontainers version: 2.0.2
22:53:02.083 [main] INFO org.testcontainers.dockerclient.DockerClientProviderStrategy -- Loaded org.testcontainers.dockerclient.NpipeSocketClientProviderStrategy from ~/.testcontainers.properties, will try it first
22:53:02.346 [main] INFO org.testcontainers.dockerclient.DockerClientProviderStrategy -- Found Docker environment with local Npipe socket (npipe:////./pipe/docker_engine)
22:53:02.346 [main] INFO org.testcontainers.DockerClientFactory -- Docker host IP address is localhost
22:53:02.362 [main] INFO org.testcontainers.DockerClientFactory -- Connected to docker: 
  Server Version: 29.0.1
  API Version: 1.52
  Operating System: Docker Desktop
  Total Memory: 48004 MB
  Labels: 
    com.docker.desktop.address=npipe://\\.\pipe\docker_cli
22:53:02.435 [main] INFO tc.testcontainers/ryuk:0.13.0 -- Creating container for image: testcontainers/ryuk:0.13.0
22:53:02.642 [main] INFO tc.testcontainers/ryuk:0.13.0 -- Container testcontainers/ryuk:0.13.0 is starting: c60429898313225f4757f5d08de115d21b7027b9a78dfbf7b27bab1e94642a9f
22:53:03.126 [main] INFO tc.testcontainers/ryuk:0.13.0 -- Container testcontainers/ryuk:0.13.0 started in PT0.6915735S
22:53:03.135 [main] INFO org.testcontainers.utility.RyukResourceReaper -- Ryuk started - will monitor and terminate Testcontainers containers on JVM exit
22:53:03.135 [main] INFO org.testcontainers.DockerClientFactory -- Checking the system...
22:53:03.136 [main] INFO org.testcontainers.DockerClientFactory -- ?? Docker server version should be at least 1.6.0
22:53:03.136 [main] INFO tc.postgres:17.5 -- Creating container for image: postgres:17.5
22:53:03.257 [main] INFO tc.postgres:17.5 -- Container postgres:17.5 is starting: 9ad345be228762758ad1a1201b836102295ed2276276ae479a58de7c3160e215
22:53:05.003 [main] INFO tc.postgres:17.5 -- Container postgres:17.5 started in PT1.8667958S
22:53:05.004 [main] INFO tc.postgres:17.5 -- Container is started (JDBC URL: jdbc:postgresql://localhost:14538/testdb?loggerLevel=OFF)

  .   ____          _            __ _ _
 /\\ / ___'_ __ _ _(_)_ __  __ _ \ \ \ \
( ( )\___ | '_ | '_| | '_ \/ _` | \ \ \ \
 \\/  ___)| |_)| | | | | || (_| |  ) ) ) )
  '  |____| .__|_| |_|_| |_\__, | / / / /
 =========|_|==============|___/=/_/_/_/

 :: Spring Boot ::                (v3.5.0)

2025-11-26T22:53:05.395+01:00  INFO 36000 --- [           main] c.a.c.AdminControllerIntegrationTest     : Starting AdminControllerIntegrationTest using Java 25.0.1 with PID 36000 (started by dshub in D:\Projects\Authentication-service\backend)
2025-11-26T22:53:05.396+01:00 DEBUG 36000 --- [           main] c.a.c.AdminControllerIntegrationTest     : Running with Spring Boot v3.5.0, Spring v6.2.7
2025-11-26T22:53:05.397+01:00  INFO 36000 --- [           main] c.a.c.AdminControllerIntegrationTest     : No active profile set, falling back to 1 default profile: "default"
2025-11-26T22:53:05.828+01:00  INFO 36000 --- [           main] .s.d.r.c.RepositoryConfigurationDelegate : Bootstrapping Spring Data JPA repositories in DEFAULT mode.
2025-11-26T22:53:05.860+01:00  INFO 36000 --- [           main] .s.d.r.c.RepositoryConfigurationDelegate : Finished Spring Data repository scanning in 26 ms. Found 3 JPA repository interfaces.
2025-11-26T22:53:06.296+01:00  INFO 36000 --- [           main] o.s.b.w.embedded.tomcat.TomcatWebServer  : Tomcat initialized with port 0 (http)
2025-11-26T22:53:06.306+01:00  INFO 36000 --- [           main] o.apache.catalina.core.StandardService   : Starting service [Tomcat]
2025-11-26T22:53:06.308+01:00  INFO 36000 --- [           main] o.apache.catalina.core.StandardEngine    : Starting Servlet engine: [Apache Tomcat/10.1.41]
2025-11-26T22:53:06.355+01:00  INFO 36000 --- [           main] o.a.c.c.C.[Tomcat].[localhost].[/]       : Initializing Spring embedded WebApplicationContext
2025-11-26T22:53:06.356+01:00  INFO 36000 --- [           main] w.s.c.ServletWebServerApplicationContext : Root WebApplicationContext: initialization completed in 947 ms
2025-11-26T22:53:06.507+01:00  INFO 36000 --- [           main] o.hibernate.jpa.internal.util.LogHelper  : HHH000204: Processing PersistenceUnitInfo [name: default]
2025-11-26T22:53:06.529+01:00  INFO 36000 --- [           main] org.hibernate.Version                    : HHH000412: Hibernate ORM core version 6.6.15.Final
2025-11-26T22:53:06.545+01:00  INFO 36000 --- [           main] o.h.c.internal.RegionFactoryInitiator    : HHH000026: Second-level cache disabled
2025-11-26T22:53:06.709+01:00  INFO 36000 --- [           main] o.s.o.j.p.SpringPersistenceUnitInfo      : No LoadTimeWeaver setup: ignoring JPA class transformer
2025-11-26T22:53:06.743+01:00  INFO 36000 --- [           main] com.zaxxer.hikari.HikariDataSource       : HikariPool-1 - Starting...
2025-11-26T22:53:06.874+01:00  INFO 36000 --- [           main] com.zaxxer.hikari.pool.HikariPool        : HikariPool-1 - Added connection org.postgresql.jdbc.PgConnection@7d65c0ac
2025-11-26T22:53:06.883+01:00  INFO 36000 --- [           main] com.zaxxer.hikari.HikariDataSource       : HikariPool-1 - Start completed.
2025-11-26T22:53:06.908+01:00  WARN 36000 --- [           main] org.hibernate.orm.deprecation            : HHH90000025: PostgreSQLDialect does not need to be specified explicitly using 'hibernate.dialect' (remove the property setting and it will be selected by default)
2025-11-26T22:53:06.926+01:00  INFO 36000 --- [           main] org.hibernate.orm.connections.pooling    : HHH10001005: Database info:
	Database JDBC URL [Connecting through datasource 'HikariDataSource (HikariPool-1)']
	Database driver: undefined/unknown
	Database version: 17.5
	Autocommit mode: undefined/unknown
	Isolation level: undefined/unknown
	Minimum pool size: undefined/unknown
	Maximum pool size: undefined/unknown
2025-11-26T22:53:07.610+01:00  INFO 36000 --- [           main] o.h.e.t.j.p.i.JtaPlatformInitiator       : HHH000489: No JTA platform available (set 'hibernate.transaction.jta.platform' to enable JTA platform integration)
2025-11-26T22:53:07.669+01:00  WARN 36000 --- [           main] o.h.engine.jdbc.spi.SqlExceptionHelper   : SQL Warning Code: 0, SQLState: 00000
2025-11-26T22:53:07.670+01:00  WARN 36000 --- [           main] o.h.engine.jdbc.spi.SqlExceptionHelper   : constraint "uk4pcq1jtaerkndpmar9nknj8c7" of relation "allowed_emails" does not exist, skipping
2025-11-26T22:53:07.673+01:00  WARN 36000 --- [           main] o.h.engine.jdbc.spi.SqlExceptionHelper   : SQL Warning Code: 0, SQLState: 00000
2025-11-26T22:53:07.673+01:00  WARN 36000 --- [           main] o.h.engine.jdbc.spi.SqlExceptionHelper   : constraint "ukofx66keruapi6vyqpv6f2or37" of relation "roles" does not exist, skipping
2025-11-26T22:53:07.676+01:00  WARN 36000 --- [           main] o.h.engine.jdbc.spi.SqlExceptionHelper   : SQL Warning Code: 0, SQLState: 00000
2025-11-26T22:53:07.676+01:00  WARN 36000 --- [           main] o.h.engine.jdbc.spi.SqlExceptionHelper   : constraint "uk6dotkott2kjsp8vw4d0m25fb7" of relation "users" does not exist, skipping
2025-11-26T22:53:07.683+01:00  INFO 36000 --- [           main] j.LocalContainerEntityManagerFactoryBean : Initialized JPA EntityManagerFactory for persistence unit 'default'
2025-11-26T22:53:07.929+01:00 DEBUG 36000 --- [           main] c.a.security.JwtAuthenticationFilter     : Filter 'jwtAuthenticationFilter' configured for use
2025-11-26T22:53:07.929+01:00 DEBUG 36000 --- [           main] c.a.security.RateLimitingFilter          : Filter 'rateLimitingFilter' configured for use
2025-11-26T22:53:08.333+01:00  WARN 36000 --- [           main] JpaBaseConfiguration$JpaWebConfiguration : spring.jpa.open-in-view is enabled by default. Therefore, database queries may be performed during view rendering. Explicitly configure spring.jpa.open-in-view to disable this warning
2025-11-26T22:53:08.383+01:00 DEBUG 36000 --- [           main] swordEncoderAuthenticationManagerBuilder : No authenticationProviders and no parentAuthenticationManager defined. Returning null.
2025-11-26T22:53:08.617+01:00 DEBUG 36000 --- [           main] o.s.s.web.DefaultSecurityFilterChain     : Will secure any request with filters: DisableEncodeUrlFilter, WebAsyncManagerIntegrationFilter, SecurityContextHolderFilter, HeaderWriterFilter, CorsFilter, LogoutFilter, OAuth2AuthorizationRequestRedirectFilter, OAuth2LoginAuthenticationFilter, RateLimitingFilter, JwtAuthenticationFilter, DefaultResourcesFilter, DefaultLoginPageGeneratingFilter, DefaultLogoutPageGeneratingFilter, BasicAuthenticationFilter, RequestCacheAwareFilter, SecurityContextHolderAwareRequestFilter, AnonymousAuthenticationFilter, SessionManagementFilter, ExceptionTranslationFilter, AuthorizationFilter
2025-11-26T22:53:08.751+01:00 DEBUG 36000 --- [           main] c.a.security.JwtAuthenticationFilter     : Filter 'jwtAuthenticationFilter' configured for use
2025-11-26T22:53:08.751+01:00 DEBUG 36000 --- [           main] c.a.security.RateLimitingFilter          : Filter 'rateLimitingFilter' configured for use
2025-11-26T22:53:08.752+01:00  INFO 36000 --- [           main] o.a.c.c.C.[Tomcat].[localhost].[/]       : Initializing Spring TestDispatcherServlet ''
2025-11-26T22:53:08.752+01:00  INFO 36000 --- [           main] o.s.t.web.servlet.TestDispatcherServlet  : Initializing Servlet ''
2025-11-26T22:53:08.752+01:00  INFO 36000 --- [           main] o.s.t.web.servlet.TestDispatcherServlet  : Completed initialization in 0 ms
2025-11-26T22:53:08.806+01:00  INFO 36000 --- [           main] o.s.b.w.embedded.tomcat.TomcatWebServer  : Tomcat started on port 14825 (http) with context path '/'
2025-11-26T22:53:08.811+01:00  INFO 36000 --- [           main] c.a.c.AdminControllerIntegrationTest     : Started AdminControllerIntegrationTest in 3.768 seconds (process running for 7.511)
2025-11-26T22:53:08.940+01:00  INFO 36000 --- [           main] c.a.service.AdminInitializationService   : Admin initialization is disabled. Skipping.
2025-11-26T22:53:09.210+01:00 DEBUG 36000 --- [           main] o.s.security.web.FilterChainProxy        : Securing GET /api/admin/whitelist
2025-11-26T22:53:09.243+01:00 DEBUG 36000 --- [           main] o.s.security.web.FilterChainProxy        : Secured GET /api/admin/whitelist
2025-11-26T22:53:09.256+01:00 DEBUG 36000 --- [           main] horizationManagerBeforeMethodInterceptor : Authorizing method invocation ReflectiveMethodInvocation: public org.springframework.http.ResponseEntity com.authenticationservice.controller.AdminController.getWhitelist(); target is of class [com.authenticationservice.controller.AdminController]
2025-11-26T22:53:09.280+01:00 DEBUG 36000 --- [           main] horizationManagerBeforeMethodInterceptor : Authorized method invocation ReflectiveMethodInvocation: public org.springframework.http.ResponseEntity com.authenticationservice.controller.AdminController.getWhitelist(); target is of class [com.authenticationservice.controller.AdminController]
2025-11-26T22:53:09.622+01:00 DEBUG 36000 --- [           main] o.s.security.web.FilterChainProxy        : Securing GET /api/admin/users
2025-11-26T22:53:09.628+01:00 DEBUG 36000 --- [           main] o.s.s.w.access.AccessDeniedHandlerImpl   : Responding with 403 status code
2025-11-26T22:53:09.904+01:00 DEBUG 36000 --- [           main] o.s.security.web.FilterChainProxy        : Securing POST /api/admin/whitelist/add
2025-11-26T22:53:09.911+01:00 DEBUG 36000 --- [           main] o.s.security.web.FilterChainProxy        : Secured POST /api/admin/whitelist/add
2025-11-26T22:53:09.920+01:00 DEBUG 36000 --- [           main] horizationManagerBeforeMethodInterceptor : Authorizing method invocation ReflectiveMethodInvocation: public org.springframework.http.ResponseEntity com.authenticationservice.controller.AdminController.addToWhitelist(java.lang.String); target is of class [com.authenticationservice.controller.AdminController]
2025-11-26T22:53:09.921+01:00 DEBUG 36000 --- [           main] horizationManagerBeforeMethodInterceptor : Authorized method invocation ReflectiveMethodInvocation: public org.springframework.http.ResponseEntity com.authenticationservice.controller.AdminController.addToWhitelist(java.lang.String); target is of class [com.authenticationservice.controller.AdminController]
2025-11-26T22:53:09.928+01:00  INFO 36000 --- [           main] c.a.service.AdminService                 : Email added to whitelist: new@example.com
2025-11-26T22:53:10.112+01:00 DEBUG 36000 --- [           main] o.s.security.web.FilterChainProxy        : Securing GET /api/admin/users
2025-11-26T22:53:10.117+01:00 DEBUG 36000 --- [           main] o.s.security.web.FilterChainProxy        : Secured GET /api/admin/users
2025-11-26T22:53:10.119+01:00 DEBUG 36000 --- [           main] horizationManagerBeforeMethodInterceptor : Authorizing method invocation ReflectiveMethodInvocation: public org.springframework.http.ResponseEntity com.authenticationservice.controller.AdminController.getAllUsers(int,int,java.lang.String); target is of class [com.authenticationservice.controller.AdminController]
2025-11-26T22:53:10.119+01:00 DEBUG 36000 --- [           main] horizationManagerBeforeMethodInterceptor : Authorized method invocation ReflectiveMethodInvocation: public org.springframework.http.ResponseEntity com.authenticationservice.controller.AdminController.getAllUsers(int,int,java.lang.String); target is of class [com.authenticationservice.controller.AdminController]
2025-11-26T22:53:10.133+01:00  WARN 36000 --- [           main] ration$PageModule$WarningLoggingModifier : Serializing PageImpl instances as-is is not supported, meaning that there is no guarantee about the stability of the resulting JSON structure!
	For a stable JSON structure, please use Spring Data's PagedModel (globally via @EnableSpringDataWebSupport(pageSerializationMode = VIA_DTO))
	or Spring HATEOAS and Spring Data's PagedResourcesAssembler as documented in https://docs.spring.io/spring-data/commons/reference/repositories/core-extensions.html#core.web.pageables.

[INFO] Tests run: 4, Failures: 0, Errors: 0, Skipped: 0, Time elapsed: 8.821 s -- in com.authenticationservice.controller.AdminControllerIntegrationTest
[INFO] Running com.authenticationservice.controller.AuthControllerIntegrationTest
2025-11-26T22:53:10.510+01:00  INFO 36000 --- [           main] t.c.s.AnnotationConfigContextLoaderUtils : Could not detect default configuration classes for test class [com.authenticationservice.controller.AuthControllerIntegrationTest]: AuthControllerIntegrationTest does not declare any static, non-private, non-final, nested classes annotated with @Configuration.
2025-11-26T22:53:10.514+01:00  INFO 36000 --- [           main] .b.t.c.SpringBootTestContextBootstrapper : Found @SpringBootConfiguration com.authenticationservice.AuthenticationServiceApplication for test class com.authenticationservice.controller.AuthControllerIntegrationTest
2025-11-26T22:53:10.516+01:00  INFO 36000 --- [           main] tc.postgres:17.5                         : Creating container for image: postgres:17.5
2025-11-26T22:53:10.644+01:00  INFO 36000 --- [           main] tc.postgres:17.5                         : Container postgres:17.5 is starting: 2718e95debb0731f268b9f6c539bd08b952050b91b16e6f46e966da42532a533
2025-11-26T22:53:12.250+01:00  INFO 36000 --- [           main] tc.postgres:17.5                         : Container postgres:17.5 started in PT1.7344695S
2025-11-26T22:53:12.250+01:00  INFO 36000 --- [           main] tc.postgres:17.5                         : Container is started (JDBC URL: jdbc:postgresql://localhost:14828/testdb?loggerLevel=OFF)
2025-11-26T22:53:12.258+01:00  INFO 36000 --- [           main] m.p.springdotenv.DotenvPropertySource    : Initialized Dotenv with DotenvConfig{directory=null, filename=null, ignoreIfMalformed=false, ignoreIfMissing=true, systemProperties=false, prefix=null}

  .   ____          _            __ _ _
 /\\ / ___'_ __ _ _(_)_ __  __ _ \ \ \ \
( ( )\___ | '_ | '_| | '_ \/ _` | \ \ \ \
 \\/  ___)| |_)| | | | | || (_| |  ) ) ) )
  '  |____| .__|_| |_|_| |_\__, | / / / /
 =========|_|==============|___/=/_/_/_/

 :: Spring Boot ::                (v3.5.0)

2025-11-26T22:53:12.292+01:00  INFO 36000 --- [           main] c.a.c.AuthControllerIntegrationTest      : Starting AuthControllerIntegrationTest using Java 25.0.1 with PID 36000 (started by dshub in D:\Projects\Authentication-service\backend)
2025-11-26T22:53:12.293+01:00 DEBUG 36000 --- [           main] c.a.c.AuthControllerIntegrationTest      : Running with Spring Boot v3.5.0, Spring v6.2.7
2025-11-26T22:53:12.293+01:00  INFO 36000 --- [           main] c.a.c.AuthControllerIntegrationTest      : No active profile set, falling back to 1 default profile: "default"
2025-11-26T22:53:12.425+01:00  INFO 36000 --- [           main] .s.d.r.c.RepositoryConfigurationDelegate : Bootstrapping Spring Data JPA repositories in DEFAULT mode.
2025-11-26T22:53:12.433+01:00  INFO 36000 --- [           main] .s.d.r.c.RepositoryConfigurationDelegate : Finished Spring Data repository scanning in 7 ms. Found 3 JPA repository interfaces.
2025-11-26T22:53:12.484+01:00  INFO 36000 --- [           main] o.hibernate.jpa.internal.util.LogHelper  : HHH000204: Processing PersistenceUnitInfo [name: default]
2025-11-26T22:53:12.486+01:00  INFO 36000 --- [           main] o.h.c.internal.RegionFactoryInitiator    : HHH000026: Second-level cache disabled
2025-11-26T22:53:12.490+01:00  INFO 36000 --- [           main] o.s.o.j.p.SpringPersistenceUnitInfo      : No LoadTimeWeaver setup: ignoring JPA class transformer
2025-11-26T22:53:12.491+01:00  INFO 36000 --- [           main] com.zaxxer.hikari.HikariDataSource       : HikariPool-2 - Starting...
2025-11-26T22:53:12.511+01:00  INFO 36000 --- [           main] com.zaxxer.hikari.pool.HikariPool        : HikariPool-2 - Added connection org.postgresql.jdbc.PgConnection@31e8949d
2025-11-26T22:53:12.511+01:00  INFO 36000 --- [           main] com.zaxxer.hikari.HikariDataSource       : HikariPool-2 - Start completed.
2025-11-26T22:53:12.515+01:00  WARN 36000 --- [           main] org.hibernate.orm.deprecation            : HHH90000025: PostgreSQLDialect does not need to be specified explicitly using 'hibernate.dialect' (remove the property setting and it will be selected by default)
2025-11-26T22:53:12.518+01:00  INFO 36000 --- [           main] org.hibernate.orm.connections.pooling    : HHH10001005: Database info:
	Database JDBC URL [Connecting through datasource 'HikariDataSource (HikariPool-2)']
	Database driver: undefined/unknown
	Database version: 17.5
	Autocommit mode: undefined/unknown
	Isolation level: undefined/unknown
	Minimum pool size: undefined/unknown
	Maximum pool size: undefined/unknown
2025-11-26T22:53:12.550+01:00  INFO 36000 --- [           main] o.h.e.t.j.p.i.JtaPlatformInitiator       : HHH000489: No JTA platform available (set 'hibernate.transaction.jta.platform' to enable JTA platform integration)
2025-11-26T22:53:12.567+01:00  WARN 36000 --- [           main] o.h.engine.jdbc.spi.SqlExceptionHelper   : SQL Warning Code: 0, SQLState: 00000
2025-11-26T22:53:12.567+01:00  WARN 36000 --- [           main] o.h.engine.jdbc.spi.SqlExceptionHelper   : constraint "uk4pcq1jtaerkndpmar9nknj8c7" of relation "allowed_emails" does not exist, skipping
2025-11-26T22:53:12.570+01:00  WARN 36000 --- [           main] o.h.engine.jdbc.spi.SqlExceptionHelper   : SQL Warning Code: 0, SQLState: 00000
2025-11-26T22:53:12.570+01:00  WARN 36000 --- [           main] o.h.engine.jdbc.spi.SqlExceptionHelper   : constraint "ukofx66keruapi6vyqpv6f2or37" of relation "roles" does not exist, skipping
2025-11-26T22:53:12.572+01:00  WARN 36000 --- [           main] o.h.engine.jdbc.spi.SqlExceptionHelper   : SQL Warning Code: 0, SQLState: 00000
2025-11-26T22:53:12.572+01:00  WARN 36000 --- [           main] o.h.engine.jdbc.spi.SqlExceptionHelper   : constraint "uk6dotkott2kjsp8vw4d0m25fb7" of relation "users" does not exist, skipping
2025-11-26T22:53:12.576+01:00  INFO 36000 --- [           main] j.LocalContainerEntityManagerFactoryBean : Initialized JPA EntityManagerFactory for persistence unit 'default'
2025-11-26T22:53:12.617+01:00  WARN 36000 --- [           main] JpaBaseConfiguration$JpaWebConfiguration : spring.jpa.open-in-view is enabled by default. Therefore, database queries may be performed during view rendering. Explicitly configure spring.jpa.open-in-view to disable this warning
2025-11-26T22:53:12.626+01:00 DEBUG 36000 --- [           main] swordEncoderAuthenticationManagerBuilder : No authenticationProviders and no parentAuthenticationManager defined. Returning null.
2025-11-26T22:53:12.674+01:00 DEBUG 36000 --- [           main] o.s.s.web.DefaultSecurityFilterChain     : Will secure any request with filters: DisableEncodeUrlFilter, WebAsyncManagerIntegrationFilter, SecurityContextHolderFilter, HeaderWriterFilter, CorsFilter, LogoutFilter, OAuth2AuthorizationRequestRedirectFilter, OAuth2LoginAuthenticationFilter, RateLimitingFilter, JwtAuthenticationFilter, DefaultResourcesFilter, DefaultLoginPageGeneratingFilter, DefaultLogoutPageGeneratingFilter, BasicAuthenticationFilter, RequestCacheAwareFilter, SecurityContextHolderAwareRequestFilter, AnonymousAuthenticationFilter, SessionManagementFilter, ExceptionTranslationFilter, AuthorizationFilter
2025-11-26T22:53:12.721+01:00  INFO 36000 --- [           main] o.s.b.t.m.w.SpringBootMockServletContext : Initializing Spring TestDispatcherServlet ''
2025-11-26T22:53:12.722+01:00  INFO 36000 --- [           main] o.s.t.web.servlet.TestDispatcherServlet  : Initializing Servlet ''
2025-11-26T22:53:12.722+01:00  INFO 36000 --- [           main] o.s.t.web.servlet.TestDispatcherServlet  : Completed initialization in 0 ms
2025-11-26T22:53:12.726+01:00  INFO 36000 --- [           main] c.a.c.AuthControllerIntegrationTest      : Started AuthControllerIntegrationTest in 0.471 seconds (process running for 11.426)
2025-11-26T22:53:12.744+01:00  INFO 36000 --- [           main] c.a.service.AdminInitializationService   : Admin initialization is disabled. Skipping.
DEBUG: User verified in database after setUp: test@example.com
DEBUG: Found user in new transaction: test@example.com
DEBUG: User enabled: true
DEBUG: User verified: true
DEBUG: User blocked: false
2025-11-26T22:53:12.869+01:00 DEBUG 36000 --- [           main] c.a.service.AuthService                  : Login attempt for email: test@example.com
2025-11-26T22:53:12.874+01:00 DEBUG 36000 --- [           main] c.a.service.AuthService                  : User found: test@example.com
2025-11-26T22:53:12.874+01:00 DEBUG 36000 --- [           main] c.a.service.AuthService                  : User enabled: true
2025-11-26T22:53:12.874+01:00 DEBUG 36000 --- [           main] c.a.service.AuthService                  : User blocked: false
2025-11-26T22:53:12.874+01:00 DEBUG 36000 --- [           main] c.a.service.AuthService                  : User verified: true
2025-11-26T22:53:12.874+01:00 DEBUG 36000 --- [           main] c.a.service.AuthService                  : Checking password for email: test@example.com
2025-11-26T22:53:12.921+01:00 DEBUG 36000 --- [           main] c.a.service.AuthService                  : Password matches: true
2025-11-26T22:53:12.921+01:00 DEBUG 36000 --- [           main] c.a.service.AuthService                  : All validations passed for email: test@example.com
2025-11-26T22:53:12.926+01:00 DEBUG 36000 --- [           main] c.a.service.AuthService                  : Access token generated successfully for email: test@example.com
2025-11-26T22:53:12.927+01:00 DEBUG 36000 --- [           main] c.a.service.AuthService                  : Refresh token generated successfully for email: test@example.com
2025-11-26T22:53:12.927+01:00 DEBUG 36000 --- [           main] c.a.service.AuthService                  : Tokens generated successfully for email: test@example.com
DEBUG: Response status: 200
DEBUG: Response body: {"accessToken":"eyJhbGciOiJIUzM4NCJ9.eyJzdWIiOiJ0ZXN0QGV4YW1wbGUuY29tIiwiaWF0IjoxNzY0MTkzOTkyLCJleHAiOjE3NjQxOTc1OTIsInJvbGVzIjpbIlJPTEVfVVNFUiJdfQ.2BLLxtfsLvs1kzwXtyM4RxJ072tMiDEezSBGQtfIjz_-H59iEC_ynYckVHmSgEfc","refreshToken":"eyJhbGciOiJIUzM4NCJ9.eyJzdWIiOiJ0ZXN0QGV4YW1wbGUuY29tIiwiaWF0IjoxNzY0MTkzOTkyLCJleHAiOjE3NjQyODAzOTJ9.wxgy4BppO-scjx1dirWEmuQj5isQ9RRXQ3mi_PuPlTyxYl2lsw9HO4y12OXWAWzW"}
DEBUG: User verified in database after setUp: test@example.com
2025-11-26T22:53:13.014+01:00  INFO 36000 --- [           main] c.a.service.AuthService                  : Starting registration process for email: newuser@example.com
2025-11-26T22:53:13.019+01:00  INFO 36000 --- [           main] c.a.service.AuthService                  : Generated verification token for email: newuser@example.com
2025-11-26T22:53:13.065+01:00  INFO 36000 --- [           main] c.a.service.AuthService                  : User saved to database
2025-11-26T22:53:13.065+01:00  INFO 36000 --- [           main] c.a.service.AuthService                  : Verification token for newuser@example.com: f538c161-de7a-484f-aee2-e16fc7cd155b
2025-11-26T22:53:13.073+01:00  INFO 36000 --- [           main] c.a.service.AuthService                  : Verification email sent to newuser@example.com
DEBUG: User verified in database after setUp: test@example.com
DEBUG: User verified in database after setUp: test@example.com
2025-11-26T22:53:13.203+01:00 DEBUG 36000 --- [           main] c.a.service.AuthService                  : Login attempt for email: test@example.com
2025-11-26T22:53:13.205+01:00 DEBUG 36000 --- [           main] c.a.service.AuthService                  : User found: test@example.com
2025-11-26T22:53:13.205+01:00 DEBUG 36000 --- [           main] c.a.service.AuthService                  : User enabled: true
2025-11-26T22:53:13.205+01:00 DEBUG 36000 --- [           main] c.a.service.AuthService                  : User blocked: false
2025-11-26T22:53:13.205+01:00 DEBUG 36000 --- [           main] c.a.service.AuthService                  : User verified: true
2025-11-26T22:53:13.205+01:00 DEBUG 36000 --- [           main] c.a.service.AuthService                  : Checking password for email: test@example.com
2025-11-26T22:53:13.245+01:00 DEBUG 36000 --- [           main] c.a.service.AuthService                  : Password matches: false
2025-11-26T22:53:13.246+01:00 ERROR 36000 --- [           main] c.a.service.AuthService                  : Invalid password for email: test@example.com
[INFO] Tests run: 4, Failures: 0, Errors: 0, Skipped: 0, Time elapsed: 3.115 s -- in com.authenticationservice.controller.AuthControllerIntegrationTest
[INFO] Running com.authenticationservice.controller.ProfileControllerIntegrationTest
2025-11-26T22:53:13.627+01:00  INFO 36000 --- [           main] t.c.s.AnnotationConfigContextLoaderUtils : Could not detect default configuration classes for test class [com.authenticationservice.controller.ProfileControllerIntegrationTest]: ProfileControllerIntegrationTest does not declare any static, non-private, non-final, nested classes annotated with @Configuration.
2025-11-26T22:53:13.632+01:00  INFO 36000 --- [           main] .b.t.c.SpringBootTestContextBootstrapper : Found @SpringBootConfiguration com.authenticationservice.AuthenticationServiceApplication for test class com.authenticationservice.controller.ProfileControllerIntegrationTest
2025-11-26T22:53:13.633+01:00  INFO 36000 --- [           main] tc.postgres:17.5                         : Creating container for image: postgres:17.5
2025-11-26T22:53:13.743+01:00  INFO 36000 --- [           main] tc.postgres:17.5                         : Container postgres:17.5 is starting: d5804c4debf0f13d6b12e32c210194ee713eaf14d9216d6600908efffbd36213
2025-11-26T22:53:15.370+01:00  INFO 36000 --- [           main] tc.postgres:17.5                         : Container postgres:17.5 started in PT1.7364195S
2025-11-26T22:53:15.370+01:00  INFO 36000 --- [           main] tc.postgres:17.5                         : Container is started (JDBC URL: jdbc:postgresql://localhost:14840/testdb?loggerLevel=OFF)
2025-11-26T22:53:15.373+01:00  INFO 36000 --- [           main] m.p.springdotenv.DotenvPropertySource    : Initialized Dotenv with DotenvConfig{directory=null, filename=null, ignoreIfMalformed=false, ignoreIfMissing=true, systemProperties=false, prefix=null}

  .   ____          _            __ _ _
 /\\ / ___'_ __ _ _(_)_ __  __ _ \ \ \ \
( ( )\___ | '_ | '_| | '_ \/ _` | \ \ \ \
 \\/  ___)| |_)| | | | | || (_| |  ) ) ) )
  '  |____| .__|_| |_|_| |_\__, | / / / /
 =========|_|==============|___/=/_/_/_/

 :: Spring Boot ::                (v3.5.0)

2025-11-26T22:53:15.396+01:00  INFO 36000 --- [           main] c.a.c.ProfileControllerIntegrationTest   : Starting ProfileControllerIntegrationTest using Java 25.0.1 with PID 36000 (started by dshub in D:\Projects\Authentication-service\backend)
2025-11-26T22:53:15.396+01:00 DEBUG 36000 --- [           main] c.a.c.ProfileControllerIntegrationTest   : Running with Spring Boot v3.5.0, Spring v6.2.7
2025-11-26T22:53:15.396+01:00  INFO 36000 --- [           main] c.a.c.ProfileControllerIntegrationTest   : No active profile set, falling back to 1 default profile: "default"
2025-11-26T22:53:15.529+01:00  INFO 36000 --- [           main] .s.d.r.c.RepositoryConfigurationDelegate : Bootstrapping Spring Data JPA repositories in DEFAULT mode.
2025-11-26T22:53:15.540+01:00  INFO 36000 --- [           main] .s.d.r.c.RepositoryConfigurationDelegate : Finished Spring Data repository scanning in 9 ms. Found 3 JPA repository interfaces.
2025-11-26T22:53:15.595+01:00  INFO 36000 --- [           main] o.hibernate.jpa.internal.util.LogHelper  : HHH000204: Processing PersistenceUnitInfo [name: default]
2025-11-26T22:53:15.596+01:00  INFO 36000 --- [           main] o.h.c.internal.RegionFactoryInitiator    : HHH000026: Second-level cache disabled
2025-11-26T22:53:15.601+01:00  INFO 36000 --- [           main] o.s.o.j.p.SpringPersistenceUnitInfo      : No LoadTimeWeaver setup: ignoring JPA class transformer
2025-11-26T22:53:15.601+01:00  INFO 36000 --- [           main] com.zaxxer.hikari.HikariDataSource       : HikariPool-3 - Starting...
2025-11-26T22:53:15.617+01:00  INFO 36000 --- [           main] com.zaxxer.hikari.pool.HikariPool        : HikariPool-3 - Added connection org.postgresql.jdbc.PgConnection@5b4f77e1
2025-11-26T22:53:15.617+01:00  INFO 36000 --- [           main] com.zaxxer.hikari.HikariDataSource       : HikariPool-3 - Start completed.
2025-11-26T22:53:15.620+01:00  WARN 36000 --- [           main] org.hibernate.orm.deprecation            : HHH90000025: PostgreSQLDialect does not need to be specified explicitly using 'hibernate.dialect' (remove the property setting and it will be selected by default)
2025-11-26T22:53:15.622+01:00  INFO 36000 --- [           main] org.hibernate.orm.connections.pooling    : HHH10001005: Database info:
	Database JDBC URL [Connecting through datasource 'HikariDataSource (HikariPool-3)']
	Database driver: undefined/unknown
	Database version: 17.5
	Autocommit mode: undefined/unknown
	Isolation level: undefined/unknown
	Minimum pool size: undefined/unknown
	Maximum pool size: undefined/unknown
2025-11-26T22:53:15.648+01:00  INFO 36000 --- [           main] o.h.e.t.j.p.i.JtaPlatformInitiator       : HHH000489: No JTA platform available (set 'hibernate.transaction.jta.platform' to enable JTA platform integration)
2025-11-26T22:53:15.663+01:00  WARN 36000 --- [           main] o.h.engine.jdbc.spi.SqlExceptionHelper   : SQL Warning Code: 0, SQLState: 00000
2025-11-26T22:53:15.663+01:00  WARN 36000 --- [           main] o.h.engine.jdbc.spi.SqlExceptionHelper   : constraint "uk4pcq1jtaerkndpmar9nknj8c7" of relation "allowed_emails" does not exist, skipping
2025-11-26T22:53:15.665+01:00  WARN 36000 --- [           main] o.h.engine.jdbc.spi.SqlExceptionHelper   : SQL Warning Code: 0, SQLState: 00000
2025-11-26T22:53:15.665+01:00  WARN 36000 --- [           main] o.h.engine.jdbc.spi.SqlExceptionHelper   : constraint "ukofx66keruapi6vyqpv6f2or37" of relation "roles" does not exist, skipping
2025-11-26T22:53:15.668+01:00  WARN 36000 --- [           main] o.h.engine.jdbc.spi.SqlExceptionHelper   : SQL Warning Code: 0, SQLState: 00000
2025-11-26T22:53:15.668+01:00  WARN 36000 --- [           main] o.h.engine.jdbc.spi.SqlExceptionHelper   : constraint "uk6dotkott2kjsp8vw4d0m25fb7" of relation "users" does not exist, skipping
2025-11-26T22:53:15.671+01:00  INFO 36000 --- [           main] j.LocalContainerEntityManagerFactoryBean : Initialized JPA EntityManagerFactory for persistence unit 'default'
2025-11-26T22:53:15.709+01:00  WARN 36000 --- [           main] JpaBaseConfiguration$JpaWebConfiguration : spring.jpa.open-in-view is enabled by default. Therefore, database queries may be performed during view rendering. Explicitly configure spring.jpa.open-in-view to disable this warning
2025-11-26T22:53:15.722+01:00 DEBUG 36000 --- [           main] swordEncoderAuthenticationManagerBuilder : No authenticationProviders and no parentAuthenticationManager defined. Returning null.
2025-11-26T22:53:15.761+01:00 DEBUG 36000 --- [           main] o.s.s.web.DefaultSecurityFilterChain     : Will secure any request with filters: DisableEncodeUrlFilter, WebAsyncManagerIntegrationFilter, SecurityContextHolderFilter, HeaderWriterFilter, CorsFilter, LogoutFilter, OAuth2AuthorizationRequestRedirectFilter, OAuth2LoginAuthenticationFilter, RateLimitingFilter, JwtAuthenticationFilter, DefaultResourcesFilter, DefaultLoginPageGeneratingFilter, DefaultLogoutPageGeneratingFilter, BasicAuthenticationFilter, RequestCacheAwareFilter, SecurityContextHolderAwareRequestFilter, AnonymousAuthenticationFilter, SessionManagementFilter, ExceptionTranslationFilter, AuthorizationFilter
2025-11-26T22:53:15.801+01:00  INFO 36000 --- [           main] o.s.b.t.m.w.SpringBootMockServletContext : Initializing Spring TestDispatcherServlet ''
2025-11-26T22:53:15.801+01:00  INFO 36000 --- [           main] o.s.t.web.servlet.TestDispatcherServlet  : Initializing Servlet ''
2025-11-26T22:53:15.801+01:00  INFO 36000 --- [           main] o.s.t.web.servlet.TestDispatcherServlet  : Completed initialization in 0 ms
2025-11-26T22:53:15.805+01:00  INFO 36000 --- [           main] c.a.c.ProfileControllerIntegrationTest   : Started ProfileControllerIntegrationTest in 0.433 seconds (process running for 14.505)
2025-11-26T22:53:15.819+01:00  INFO 36000 --- [           main] c.a.service.AdminInitializationService   : Admin initialization is disabled. Skipping.
DEBUG: User verified in database after setUp: test@example.com
DEBUG: Found user before update: test@example.com
DEBUG: User password hash: $2a$10$DYftAq8piUzAs09Oecjg0.T7X9nZZOdLGPn.IidmVM.k.8qCZu0hS
DEBUG: Password matches: true
2025-11-26T22:53:15.963+01:00 DEBUG 36000 --- [           main] c.a.service.ProfileService               : Updating profile for email: test@example.com
2025-11-26T22:53:15.968+01:00 DEBUG 36000 --- [           main] c.a.service.ProfileService               : Updating password for email: test@example.com
2025-11-26T22:53:15.968+01:00 DEBUG 36000 --- [           main] c.a.service.ProfileService               : Current password provided: yes
2025-11-26T22:53:15.969+01:00 DEBUG 36000 --- [           main] c.a.service.ProfileService               : Stored password: $2a$10$DYftAq8piUzAs09Oecjg0.T7X9nZZOdLGPn.IidmVM.k.8qCZu0hS
2025-11-26T22:53:16.083+01:00 DEBUG 36000 --- [           main] c.a.service.ProfileService               : Password matches: true
2025-11-26T22:53:16.203+01:00 DEBUG 36000 --- [           main] c.a.service.ProfileService               : Password updated successfully for email: test@example.com
2025-11-26T22:53:16.203+01:00 DEBUG 36000 --- [           main] c.a.service.ProfileService               : Updating name for email: test@example.com
2025-11-26T22:53:16.204+01:00 DEBUG 36000 --- [           main] c.a.service.ProfileService               : Profile updated successfully for email: test@example.com
DEBUG: Response status: 200
DEBUG: Response body: Profile updated successfully
DEBUG: Found user after update: test@example.com
DEBUG: Updated name: Updated Name
DEBUG: User verified in database after setUp: test@example.com
DEBUG: User verified in database after setUp: test@example.com
[INFO] Tests run: 3, Failures: 0, Errors: 0, Skipped: 0, Time elapsed: 3.449 s -- in com.authenticationservice.controller.ProfileControllerIntegrationTest
[INFO] Running com.authenticationservice.security.JwtTokenProviderTest
[INFO] Running com.authenticationservice.security.JwtTokenProviderTest$TokenExtractionTests
[INFO] Tests run: 4, Failures: 0, Errors: 0, Skipped: 0, Time elapsed: 0.015 s -- in com.authenticationservice.security.JwtTokenProviderTest$TokenExtractionTests
[INFO] Running com.authenticationservice.security.JwtTokenProviderTest$TokenValidationTests
[INFO] Tests run: 7, Failures: 0, Errors: 0, Skipped: 0, Time elapsed: 0.017 s -- in com.authenticationservice.security.JwtTokenProviderTest$TokenValidationTests
[INFO] Running com.authenticationservice.security.JwtTokenProviderTest$RefreshTokenGenerationTests
[INFO] Tests run: 3, Failures: 0, Errors: 0, Skipped: 0, Time elapsed: 0.032 s -- in com.authenticationservice.security.JwtTokenProviderTest$RefreshTokenGenerationTests
[INFO] Running com.authenticationservice.security.JwtTokenProviderTest$AccessTokenGenerationTests
[INFO] Tests run: 4, Failures: 0, Errors: 0, Skipped: 0, Time elapsed: 0.012 s -- in com.authenticationservice.security.JwtTokenProviderTest$AccessTokenGenerationTests
[INFO] Tests run: 0, Failures: 0, Errors: 0, Skipped: 0, Time elapsed: 0.082 s -- in com.authenticationservice.security.JwtTokenProviderTest
[INFO] Running com.authenticationservice.service.AdminInitializationServiceTest
[INFO] Running com.authenticationservice.service.AdminInitializationServiceTest$AdminInitializationTests
2025-11-26T22:53:18.079+01:00  INFO 36000 --- [           main] c.a.service.AdminInitializationService   : Created new admin user and sent setup email to: admin@example.com
2025-11-26T22:53:18.090+01:00  INFO 36000 --- [           main] c.a.service.AdminInitializationService   : Admin initialization is disabled. Skipping.
[INFO] Tests run: 4, Failures: 0, Errors: 0, Skipped: 0, Time elapsed: 0.927 s -- in com.authenticationservice.service.AdminInitializationServiceTest$AdminInitializationTests
[INFO] Tests run: 0, Failures: 0, Errors: 0, Skipped: 0, Time elapsed: 0.929 s -- in com.authenticationservice.service.AdminInitializationServiceTest
[INFO] Running com.authenticationservice.service.AdminServiceTest
[INFO] Running com.authenticationservice.service.AdminServiceTest$AdminPasswordVerificationTests
[INFO] Tests run: 4, Failures: 0, Errors: 0, Skipped: 0, Time elapsed: 0.376 s -- in com.authenticationservice.service.AdminServiceTest$AdminPasswordVerificationTests
[INFO] Running com.authenticationservice.service.AdminServiceTest$WhitelistRetrievalTests
[INFO] Tests run: 1, Failures: 0, Errors: 0, Skipped: 0, Time elapsed: 0.006 s -- in com.authenticationservice.service.AdminServiceTest$WhitelistRetrievalTests
[INFO] Running com.authenticationservice.service.AdminServiceTest$UserDeletionTests
2025-11-26T22:53:18.500+01:00  WARN 36000 --- [           main] c.a.service.AdminService                 : Deleting user: test@example.com
[INFO] Tests run: 2, Failures: 0, Errors: 0, Skipped: 0, Time elapsed: 0.019 s -- in com.authenticationservice.service.AdminServiceTest$UserDeletionTests
[INFO] Running com.authenticationservice.service.AdminServiceTest$UserCreationTests
2025-11-26T22:53:18.509+01:00  INFO 36000 --- [           main] c.a.service.AdminService                 : Starting user creation process for email: create@example.com
2025-11-26T22:53:18.518+01:00  INFO 36000 --- [           main] c.a.service.AdminService                 : Starting user creation process for email: create@example.com
2025-11-26T22:53:18.519+01:00  INFO 36000 --- [           main] c.a.service.AdminService                 : User saved to database: create@example.com
2025-11-26T22:53:18.519+01:00  INFO 36000 --- [           main] c.a.service.AdminService                 : Welcome email sent to: create@example.com
2025-11-26T22:53:18.529+01:00  INFO 36000 --- [           main] c.a.service.AdminService                 : Starting user creation process for email: create@example.com
2025-11-26T22:53:18.530+01:00  INFO 36000 --- [           main] c.a.service.AdminService                 : User saved to database: create@example.com
2025-11-26T22:53:18.531+01:00 ERROR 36000 --- [           main] c.a.service.AdminService                 : Error during user creation process: Mail send error

java.lang.RuntimeException: Mail send error
	at com.authenticationservice.service.EmailService.sendEmail(EmailService.java:18) ~[classes/:na]
	at com.authenticationservice.service.AdminService.createUser(AdminService.java:123) ~[classes/:na]
	at com.authenticationservice.service.AdminServiceTest$UserCreationTests.lambda$createUser_shouldThrowException_whenEmailSendingFails$1(AdminServiceTest.java:399) ~[test-classes/:na]
	at org.junit.jupiter.api.AssertThrows.assertThrows(AssertThrows.java:53) ~[junit-jupiter-api-5.12.2.jar:5.12.2]
	at org.junit.jupiter.api.AssertThrows.assertThrows(AssertThrows.java:35) ~[junit-jupiter-api-5.12.2.jar:5.12.2]
	at org.junit.jupiter.api.Assertions.assertThrows(Assertions.java:3128) ~[junit-jupiter-api-5.12.2.jar:5.12.2]
	at com.authenticationservice.service.AdminServiceTest$UserCreationTests.createUser_shouldThrowException_whenEmailSendingFails(AdminServiceTest.java:398) ~[test-classes/:na]
	at java.base/jdk.internal.reflect.DirectMethodHandleAccessor.invoke(DirectMethodHandleAccessor.java:104) ~[na:na]
	at java.base/java.lang.reflect.Method.invoke(Method.java:565) ~[na:na]
	at org.junit.platform.commons.util.ReflectionUtils.invokeMethod(ReflectionUtils.java:775) ~[junit-platform-commons-1.12.2.jar:1.12.2]
	at org.junit.platform.commons.support.ReflectionSupport.invokeMethod(ReflectionSupport.java:479) ~[junit-platform-commons-1.12.2.jar:1.12.2]
	at org.junit.jupiter.engine.execution.MethodInvocation.proceed(MethodInvocation.java:60) ~[junit-jupiter-engine-5.12.2.jar:5.12.2]
	at org.junit.jupiter.engine.execution.InvocationInterceptorChain$ValidatingInvocation.proceed(InvocationInterceptorChain.java:131) ~[junit-jupiter-engine-5.12.2.jar:5.12.2]
	at org.junit.jupiter.engine.extension.TimeoutExtension.intercept(TimeoutExtension.java:161) ~[junit-jupiter-engine-5.12.2.jar:5.12.2]
	at org.junit.jupiter.engine.extension.TimeoutExtension.interceptTestableMethod(TimeoutExtension.java:152) ~[junit-jupiter-engine-5.12.2.jar:5.12.2]
	at org.junit.jupiter.engine.extension.TimeoutExtension.interceptTestMethod(TimeoutExtension.java:91) ~[junit-jupiter-engine-5.12.2.jar:5.12.2]
	at org.junit.jupiter.engine.execution.InterceptingExecutableInvoker$ReflectiveInterceptorCall.lambda$ofVoidMethod$0(InterceptingExecutableInvoker.java:112) ~[junit-jupiter-engine-5.12.2.jar:5.12.2]
	at org.junit.jupiter.engine.execution.InterceptingExecutableInvoker.lambda$invoke$0(InterceptingExecutableInvoker.java:94) ~[junit-jupiter-engine-5.12.2.jar:5.12.2]
	at org.junit.jupiter.engine.execution.InvocationInterceptorChain$InterceptedInvocation.proceed(InvocationInterceptorChain.java:106) ~[junit-jupiter-engine-5.12.2.jar:5.12.2]
	at org.junit.jupiter.engine.execution.InvocationInterceptorChain.proceed(InvocationInterceptorChain.java:64) ~[junit-jupiter-engine-5.12.2.jar:5.12.2]
	at org.junit.jupiter.engine.execution.InvocationInterceptorChain.chainAndInvoke(InvocationInterceptorChain.java:45) ~[junit-jupiter-engine-5.12.2.jar:5.12.2]
	at org.junit.jupiter.engine.execution.InvocationInterceptorChain.invoke(InvocationInterceptorChain.java:37) ~[junit-jupiter-engine-5.12.2.jar:5.12.2]
	at org.junit.jupiter.engine.execution.InterceptingExecutableInvoker.invoke(InterceptingExecutableInvoker.java:93) ~[junit-jupiter-engine-5.12.2.jar:5.12.2]
	at org.junit.jupiter.engine.execution.InterceptingExecutableInvoker.invoke(InterceptingExecutableInvoker.java:87) ~[junit-jupiter-engine-5.12.2.jar:5.12.2]
	at org.junit.jupiter.engine.descriptor.TestMethodTestDescriptor.lambda$invokeTestMethod$7(TestMethodTestDescriptor.java:216) ~[junit-jupiter-engine-5.12.2.jar:5.12.2]
	at org.junit.platform.engine.support.hierarchical.ThrowableCollector.execute(ThrowableCollector.java:73) ~[junit-platform-engine-1.12.2.jar:1.12.2]
	at org.junit.jupiter.engine.descriptor.TestMethodTestDescriptor.invokeTestMethod(TestMethodTestDescriptor.java:212) ~[junit-jupiter-engine-5.12.2.jar:5.12.2]
	at org.junit.jupiter.engine.descriptor.TestMethodTestDescriptor.execute(TestMethodTestDescriptor.java:137) ~[junit-jupiter-engine-5.12.2.jar:5.12.2]
	at org.junit.jupiter.engine.descriptor.TestMethodTestDescriptor.execute(TestMethodTestDescriptor.java:69) ~[junit-jupiter-engine-5.12.2.jar:5.12.2]
	at org.junit.platform.engine.support.hierarchical.NodeTestTask.lambda$executeRecursively$6(NodeTestTask.java:156) ~[junit-platform-engine-1.12.2.jar:1.12.2]
	at org.junit.platform.engine.support.hierarchical.ThrowableCollector.execute(ThrowableCollector.java:73) ~[junit-platform-engine-1.12.2.jar:1.12.2]
	at org.junit.platform.engine.support.hierarchical.NodeTestTask.lambda$executeRecursively$8(NodeTestTask.java:146) ~[junit-platform-engine-1.12.2.jar:1.12.2]
	at org.junit.platform.engine.support.hierarchical.Node.around(Node.java:137) ~[junit-platform-engine-1.12.2.jar:1.12.2]
	at org.junit.platform.engine.support.hierarchical.NodeTestTask.lambda$executeRecursively$9(NodeTestTask.java:144) ~[junit-platform-engine-1.12.2.jar:1.12.2]
	at org.junit.platform.engine.support.hierarchical.ThrowableCollector.execute(ThrowableCollector.java:73) ~[junit-platform-engine-1.12.2.jar:1.12.2]
	at org.junit.platform.engine.support.hierarchical.NodeTestTask.executeRecursively(NodeTestTask.java:143) ~[junit-platform-engine-1.12.2.jar:1.12.2]
	at org.junit.platform.engine.support.hierarchical.NodeTestTask.execute(NodeTestTask.java:100) ~[junit-platform-engine-1.12.2.jar:1.12.2]
	at java.base/java.util.ArrayList.forEach(ArrayList.java:1604) ~[na:na]
	at org.junit.platform.engine.support.hierarchical.SameThreadHierarchicalTestExecutorService.invokeAll(SameThreadHierarchicalTestExecutorService.java:41) ~[junit-platform-engine-1.12.2.jar:1.12.2]
	at org.junit.platform.engine.support.hierarchical.NodeTestTask.lambda$executeRecursively$6(NodeTestTask.java:160) ~[junit-platform-engine-1.12.2.jar:1.12.2]
	at org.junit.platform.engine.support.hierarchical.ThrowableCollector.execute(ThrowableCollector.java:73) ~[junit-platform-engine-1.12.2.jar:1.12.2]
	at org.junit.platform.engine.support.hierarchical.NodeTestTask.lambda$executeRecursively$8(NodeTestTask.java:146) ~[junit-platform-engine-1.12.2.jar:1.12.2]
	at org.junit.platform.engine.support.hierarchical.Node.around(Node.java:137) ~[junit-platform-engine-1.12.2.jar:1.12.2]
	at org.junit.platform.engine.support.hierarchical.NodeTestTask.lambda$executeRecursively$9(NodeTestTask.java:144) ~[junit-platform-engine-1.12.2.jar:1.12.2]
	at org.junit.platform.engine.support.hierarchical.ThrowableCollector.execute(ThrowableCollector.java:73) ~[junit-platform-engine-1.12.2.jar:1.12.2]
	at org.junit.platform.engine.support.hierarchical.NodeTestTask.executeRecursively(NodeTestTask.java:143) ~[junit-platform-engine-1.12.2.jar:1.12.2]
	at org.junit.platform.engine.support.hierarchical.NodeTestTask.execute(NodeTestTask.java:100) ~[junit-platform-engine-1.12.2.jar:1.12.2]
	at java.base/java.util.ArrayList.forEach(ArrayList.java:1604) ~[na:na]
	at org.junit.platform.engine.support.hierarchical.SameThreadHierarchicalTestExecutorService.invokeAll(SameThreadHierarchicalTestExecutorService.java:41) ~[junit-platform-engine-1.12.2.jar:1.12.2]
	at org.junit.platform.engine.support.hierarchical.NodeTestTask.lambda$executeRecursively$6(NodeTestTask.java:160) ~[junit-platform-engine-1.12.2.jar:1.12.2]
	at org.junit.platform.engine.support.hierarchical.ThrowableCollector.execute(ThrowableCollector.java:73) ~[junit-platform-engine-1.12.2.jar:1.12.2]
	at org.junit.platform.engine.support.hierarchical.NodeTestTask.lambda$executeRecursively$8(NodeTestTask.java:146) ~[junit-platform-engine-1.12.2.jar:1.12.2]
	at org.junit.platform.engine.support.hierarchical.Node.around(Node.java:137) ~[junit-platform-engine-1.12.2.jar:1.12.2]
	at org.junit.platform.engine.support.hierarchical.NodeTestTask.lambda$executeRecursively$9(NodeTestTask.java:144) ~[junit-platform-engine-1.12.2.jar:1.12.2]
	at org.junit.platform.engine.support.hierarchical.ThrowableCollector.execute(ThrowableCollector.java:73) ~[junit-platform-engine-1.12.2.jar:1.12.2]
	at org.junit.platform.engine.support.hierarchical.NodeTestTask.executeRecursively(NodeTestTask.java:143) ~[junit-platform-engine-1.12.2.jar:1.12.2]
	at org.junit.platform.engine.support.hierarchical.NodeTestTask.execute(NodeTestTask.java:100) ~[junit-platform-engine-1.12.2.jar:1.12.2]
	at java.base/java.util.ArrayList.forEach(ArrayList.java:1604) ~[na:na]
	at org.junit.platform.engine.support.hierarchical.SameThreadHierarchicalTestExecutorService.invokeAll(SameThreadHierarchicalTestExecutorService.java:41) ~[junit-platform-engine-1.12.2.jar:1.12.2]
	at org.junit.platform.engine.support.hierarchical.NodeTestTask.lambda$executeRecursively$6(NodeTestTask.java:160) ~[junit-platform-engine-1.12.2.jar:1.12.2]
	at org.junit.platform.engine.support.hierarchical.ThrowableCollector.execute(ThrowableCollector.java:73) ~[junit-platform-engine-1.12.2.jar:1.12.2]
	at org.junit.platform.engine.support.hierarchical.NodeTestTask.lambda$executeRecursively$8(NodeTestTask.java:146) ~[junit-platform-engine-1.12.2.jar:1.12.2]
	at org.junit.platform.engine.support.hierarchical.Node.around(Node.java:137) ~[junit-platform-engine-1.12.2.jar:1.12.2]
	at org.junit.platform.engine.support.hierarchical.NodeTestTask.lambda$executeRecursively$9(NodeTestTask.java:144) ~[junit-platform-engine-1.12.2.jar:1.12.2]
	at org.junit.platform.engine.support.hierarchical.ThrowableCollector.execute(ThrowableCollector.java:73) ~[junit-platform-engine-1.12.2.jar:1.12.2]
	at org.junit.platform.engine.support.hierarchical.NodeTestTask.executeRecursively(NodeTestTask.java:143) ~[junit-platform-engine-1.12.2.jar:1.12.2]
	at org.junit.platform.engine.support.hierarchical.NodeTestTask.execute(NodeTestTask.java:100) ~[junit-platform-engine-1.12.2.jar:1.12.2]
	at org.junit.platform.engine.support.hierarchical.SameThreadHierarchicalTestExecutorService.submit(SameThreadHierarchicalTestExecutorService.java:35) ~[junit-platform-engine-1.12.2.jar:1.12.2]
	at org.junit.platform.engine.support.hierarchical.HierarchicalTestExecutor.execute(HierarchicalTestExecutor.java:57) ~[junit-platform-engine-1.12.2.jar:1.12.2]
	at org.junit.platform.engine.support.hierarchical.HierarchicalTestEngine.execute(HierarchicalTestEngine.java:54) ~[junit-platform-engine-1.12.2.jar:1.12.2]
	at org.junit.platform.launcher.core.EngineExecutionOrchestrator.execute(EngineExecutionOrchestrator.java:201) ~[junit-platform-launcher-1.12.2.jar:1.12.2]
	at org.junit.platform.launcher.core.EngineExecutionOrchestrator.execute(EngineExecutionOrchestrator.java:170) ~[junit-platform-launcher-1.12.2.jar:1.12.2]
	at org.junit.platform.launcher.core.EngineExecutionOrchestrator.execute(EngineExecutionOrchestrator.java:94) ~[junit-platform-launcher-1.12.2.jar:1.12.2]
	at org.junit.platform.launcher.core.EngineExecutionOrchestrator.lambda$execute$0(EngineExecutionOrchestrator.java:59) ~[junit-platform-launcher-1.12.2.jar:1.12.2]
	at org.junit.platform.launcher.core.EngineExecutionOrchestrator.withInterceptedStreams(EngineExecutionOrchestrator.java:142) ~[junit-platform-launcher-1.12.2.jar:1.12.2]
	at org.junit.platform.launcher.core.EngineExecutionOrchestrator.execute(EngineExecutionOrchestrator.java:58) ~[junit-platform-launcher-1.12.2.jar:1.12.2]
	at org.junit.platform.launcher.core.DefaultLauncher.execute(DefaultLauncher.java:103) ~[junit-platform-launcher-1.12.2.jar:1.12.2]
	at org.junit.platform.launcher.core.DefaultLauncher.execute(DefaultLauncher.java:85) ~[junit-platform-launcher-1.12.2.jar:1.12.2]
	at org.junit.platform.launcher.core.DelegatingLauncher.execute(DelegatingLauncher.java:47) ~[junit-platform-launcher-1.12.2.jar:1.12.2]
	at org.junit.platform.launcher.core.InterceptingLauncher.lambda$execute$1(InterceptingLauncher.java:39) ~[junit-platform-launcher-1.12.2.jar:1.12.2]
	at org.junit.platform.launcher.core.ClasspathAlignmentCheckingLauncherInterceptor.intercept(ClasspathAlignmentCheckingLauncherInterceptor.java:25) ~[junit-platform-launcher-1.12.2.jar:1.12.2]
	at org.junit.platform.launcher.core.InterceptingLauncher.execute(InterceptingLauncher.java:38) ~[junit-platform-launcher-1.12.2.jar:1.12.2]
	at org.junit.platform.launcher.core.DelegatingLauncher.execute(DelegatingLauncher.java:47) ~[junit-platform-launcher-1.12.2.jar:1.12.2]
	at org.apache.maven.surefire.junitplatform.LazyLauncher.execute(LazyLauncher.java:56) ~[surefire-junit-platform-3.5.3.jar:3.5.3]
	at org.apache.maven.surefire.junitplatform.JUnitPlatformProvider.execute(JUnitPlatformProvider.java:194) ~[surefire-junit-platform-3.5.3.jar:3.5.3]
	at org.apache.maven.surefire.junitplatform.JUnitPlatformProvider.invokeAllTests(JUnitPlatformProvider.java:150) ~[surefire-junit-platform-3.5.3.jar:3.5.3]
	at org.apache.maven.surefire.junitplatform.JUnitPlatformProvider.invoke(JUnitPlatformProvider.java:124) ~[surefire-junit-platform-3.5.3.jar:3.5.3]
	at org.apache.maven.surefire.booter.ForkedBooter.runSuitesInProcess(ForkedBooter.java:385) ~[surefire-booter-3.5.3.jar:3.5.3]
	at org.apache.maven.surefire.booter.ForkedBooter.execute(ForkedBooter.java:162) ~[surefire-booter-3.5.3.jar:3.5.3]
	at org.apache.maven.surefire.booter.ForkedBooter.run(ForkedBooter.java:507) ~[surefire-booter-3.5.3.jar:3.5.3]
	at org.apache.maven.surefire.booter.ForkedBooter.main(ForkedBooter.java:495) ~[surefire-booter-3.5.3.jar:3.5.3]

2025-11-26T22:53:18.542+01:00  INFO 36000 --- [           main] c.a.service.AdminService                 : Starting user creation process for email: create@example.com
[INFO] Tests run: 4, Failures: 0, Errors: 0, Skipped: 0, Time elapsed: 0.042 s -- in com.authenticationservice.service.AdminServiceTest$UserCreationTests
[INFO] Running com.authenticationservice.service.AdminServiceTest$UserRetrievalTests
[INFO] Tests run: 2, Failures: 0, Errors: 0, Skipped: 0, Time elapsed: 0.009 s -- in com.authenticationservice.service.AdminServiceTest$UserRetrievalTests
[INFO] Running com.authenticationservice.service.AdminServiceTest$WhitelistManagementTests
2025-11-26T22:53:18.565+01:00  INFO 36000 --- [           main] c.a.service.AdminService                 : Email removed from whitelist: remove@example.com
2025-11-26T22:53:18.583+01:00  INFO 36000 --- [           main] c.a.service.AdminService                 : Email added to whitelist: newwhitelist@example.com
[INFO] Tests run: 4, Failures: 0, Errors: 0, Skipped: 0, Time elapsed: 0.026 s -- in com.authenticationservice.service.AdminServiceTest$WhitelistManagementTests
[INFO] Running com.authenticationservice.service.AdminServiceTest$UserManagementTests
2025-11-26T22:53:18.591+01:00  INFO 36000 --- [           main] c.a.service.AdminService                 : User test@example.com blocked. Reason: null
2025-11-26T22:53:18.732+01:00  INFO 36000 --- [           main] c.a.service.AdminService                 : User test@example.com blocked. Reason: Test block reason
2025-11-26T22:53:18.740+01:00  INFO 36000 --- [           main] c.a.service.AdminService                 : User test@example.com unblocked
[INFO] Tests run: 6, Failures: 0, Errors: 0, Skipped: 0, Time elapsed: 0.156 s -- in com.authenticationservice.service.AdminServiceTest$UserManagementTests
[INFO] Tests run: 0, Failures: 0, Errors: 0, Skipped: 0, Time elapsed: 0.644 s -- in com.authenticationservice.service.AdminServiceTest
[INFO] Running com.authenticationservice.service.AuthServiceTest
[INFO] Running com.authenticationservice.service.AuthServiceTest$OAuth2Tests
2025-11-26T22:53:18.854+01:00 DEBUG 36000 --- [           main] c.a.service.AuthService                  : Handling OAuth2 login for email: test@example.com, name: testuser
2025-11-26T22:53:18.855+01:00 DEBUG 36000 --- [           main] c.a.service.AuthService                  : Generated tokens for OAuth2 user: test@example.com
2025-11-26T22:53:18.863+01:00 DEBUG 36000 --- [           main] c.a.service.AuthService                  : Handling OAuth2 login for email: test@example.com, name: testuser
2025-11-26T22:53:18.871+01:00 DEBUG 36000 --- [           main] c.a.service.AuthService                  : Handling OAuth2 login for email: test@example.com, name: testuser
2025-11-26T22:53:18.878+01:00 DEBUG 36000 --- [           main] c.a.service.AuthService                  : Handling OAuth2 login for email: newuser@example.com, name: New User
2025-11-26T22:53:18.878+01:00  INFO 36000 --- [           main] c.a.service.AuthService                  : Creating new OAuth2 user: newuser@example.com
2025-11-26T22:53:18.881+01:00  INFO 36000 --- [           main] c.a.service.AuthService                  : Created new OAuth2 user with ID: null
2025-11-26T22:53:18.882+01:00 DEBUG 36000 --- [           main] c.a.service.AuthService                  : Generated tokens for OAuth2 user: newuser@example.com
[INFO] Tests run: 4, Failures: 0, Errors: 0, Skipped: 0, Time elapsed: 0.138 s -- in com.authenticationservice.service.AuthServiceTest$OAuth2Tests
[INFO] Running com.authenticationservice.service.AuthServiceTest$PasswordManagementTests
[INFO] Tests run: 8, Failures: 0, Errors: 0, Skipped: 0, Time elapsed: 0.043 s -- in com.authenticationservice.service.AuthServiceTest$PasswordManagementTests
[INFO] Running com.authenticationservice.service.AuthServiceTest$TokenRefreshTests
[INFO] Tests run: 2, Failures: 0, Errors: 0, Skipped: 0, Time elapsed: 0.009 s -- in com.authenticationservice.service.AuthServiceTest$TokenRefreshTests
[INFO] Running com.authenticationservice.service.AuthServiceTest$AuthenticationTests
2025-11-26T22:53:18.944+01:00 DEBUG 36000 --- [           main] c.a.service.AuthService                  : Login attempt for email: test@example.com
2025-11-26T22:53:18.944+01:00 DEBUG 36000 --- [           main] c.a.service.AuthService                  : User found: test@example.com
2025-11-26T22:53:18.944+01:00 DEBUG 36000 --- [           main] c.a.service.AuthService                  : User enabled: true
2025-11-26T22:53:18.945+01:00 DEBUG 36000 --- [           main] c.a.service.AuthService                  : User blocked: false
2025-11-26T22:53:18.945+01:00 DEBUG 36000 --- [           main] c.a.service.AuthService                  : User verified: true
2025-11-26T22:53:18.945+01:00 DEBUG 36000 --- [           main] c.a.service.AuthService                  : Checking password for email: test@example.com
2025-11-26T22:53:18.945+01:00 DEBUG 36000 --- [           main] c.a.service.AuthService                  : Password matches: false
2025-11-26T22:53:18.945+01:00 ERROR 36000 --- [           main] c.a.service.AuthService                  : Invalid password for email: test@example.com
2025-11-26T22:53:18.986+01:00 DEBUG 36000 --- [           main] c.a.service.AuthService                  : Login attempt for email: test@example.com
2025-11-26T22:53:18.987+01:00 DEBUG 36000 --- [           main] c.a.service.AuthService                  : User found: test@example.com
2025-11-26T22:53:18.988+01:00 DEBUG 36000 --- [           main] c.a.service.AuthService                  : User enabled: true
2025-11-26T22:53:18.988+01:00 DEBUG 36000 --- [           main] c.a.service.AuthService                  : User blocked: false
2025-11-26T22:53:18.988+01:00 DEBUG 36000 --- [           main] c.a.service.AuthService                  : User verified: true
2025-11-26T22:53:18.988+01:00 DEBUG 36000 --- [           main] c.a.service.AuthService                  : Checking password for email: test@example.com
2025-11-26T22:53:18.988+01:00 DEBUG 36000 --- [           main] c.a.service.AuthService                  : Password matches: false
2025-11-26T22:53:18.988+01:00 ERROR 36000 --- [           main] c.a.service.AuthService                  : Invalid password for email: test@example.com
2025-11-26T22:53:18.995+01:00 DEBUG 36000 --- [           main] c.a.service.AuthService                  : Login attempt for email: test@example.com
2025-11-26T22:53:18.995+01:00 DEBUG 36000 --- [           main] c.a.service.AuthService                  : User found: test@example.com
2025-11-26T22:53:18.995+01:00 DEBUG 36000 --- [           main] c.a.service.AuthService                  : User enabled: true
2025-11-26T22:53:18.995+01:00 DEBUG 36000 --- [           main] c.a.service.AuthService                  : User blocked: false
2025-11-26T22:53:18.996+01:00 DEBUG 36000 --- [           main] c.a.service.AuthService                  : User verified: false
2025-11-26T22:53:18.996+01:00 DEBUG 36000 --- [           main] c.a.service.AuthService                  : Checking password for email: test@example.com
2025-11-26T22:53:18.996+01:00 DEBUG 36000 --- [           main] c.a.service.AuthService                  : Password matches: true
2025-11-26T22:53:18.996+01:00 ERROR 36000 --- [           main] c.a.service.AuthService                  : Email not verified for email: test@example.com
2025-11-26T22:53:19.003+01:00 DEBUG 36000 --- [           main] c.a.service.AuthService                  : Login attempt for email: test@example.com
2025-11-26T22:53:19.003+01:00 DEBUG 36000 --- [           main] c.a.service.AuthService                  : User found: test@example.com
2025-11-26T22:53:19.003+01:00 DEBUG 36000 --- [           main] c.a.service.AuthService                  : User enabled: true
2025-11-26T22:53:19.003+01:00 DEBUG 36000 --- [           main] c.a.service.AuthService                  : User blocked: false
2025-11-26T22:53:19.003+01:00 DEBUG 36000 --- [           main] c.a.service.AuthService                  : User verified: true
2025-11-26T22:53:19.003+01:00 DEBUG 36000 --- [           main] c.a.service.AuthService                  : Checking password for email: test@example.com
2025-11-26T22:53:19.004+01:00 DEBUG 36000 --- [           main] c.a.service.AuthService                  : Password matches: true
2025-11-26T22:53:19.004+01:00 DEBUG 36000 --- [           main] c.a.service.AuthService                  : All validations passed for email: test@example.com
2025-11-26T22:53:19.004+01:00 DEBUG 36000 --- [           main] c.a.service.AuthService                  : Access token generated successfully for email: test@example.com
2025-11-26T22:53:19.004+01:00 DEBUG 36000 --- [           main] c.a.service.AuthService                  : Refresh token generated successfully for email: test@example.com
2025-11-26T22:53:19.004+01:00 DEBUG 36000 --- [           main] c.a.service.AuthService                  : Tokens generated successfully for email: test@example.com
2025-11-26T22:53:19.009+01:00 DEBUG 36000 --- [           main] c.a.service.AuthService                  : Login attempt for email: test@example.com
2025-11-26T22:53:19.010+01:00 DEBUG 36000 --- [           main] c.a.service.AuthService                  : User found: test@example.com
2025-11-26T22:53:19.010+01:00 DEBUG 36000 --- [           main] c.a.service.AuthService                  : User enabled: false
2025-11-26T22:53:19.010+01:00 DEBUG 36000 --- [           main] c.a.service.AuthService                  : User blocked: false
2025-11-26T22:53:19.010+01:00 DEBUG 36000 --- [           main] c.a.service.AuthService                  : User verified: true
2025-11-26T22:53:19.010+01:00 ERROR 36000 --- [           main] c.a.service.AuthService                  : Account is disabled for email: test@example.com
2025-11-26T22:53:19.015+01:00 DEBUG 36000 --- [           main] c.a.service.AuthService                  : Login attempt for email: test@example.com
2025-11-26T22:53:19.015+01:00 DEBUG 36000 --- [           main] c.a.service.AuthService                  : User found: test@example.com
2025-11-26T22:53:19.015+01:00 DEBUG 36000 --- [           main] c.a.service.AuthService                  : User enabled: true
2025-11-26T22:53:19.016+01:00 DEBUG 36000 --- [           main] c.a.service.AuthService                  : User blocked: true
2025-11-26T22:53:19.016+01:00 DEBUG 36000 --- [           main] c.a.service.AuthService                  : User verified: true
2025-11-26T22:53:19.016+01:00 DEBUG 36000 --- [           main] c.a.service.AuthService                  : Checking password for email: test@example.com
2025-11-26T22:53:19.016+01:00 DEBUG 36000 --- [           main] c.a.service.AuthService                  : Password matches: true
2025-11-26T22:53:19.016+01:00 ERROR 36000 --- [           main] c.a.service.AuthService                  : Account is blocked for email: test@example.com
[ERROR] Tests run: 6, Failures: 2, Errors: 0, Skipped: 0, Time elapsed: 0.077 s <<< FAILURE! -- in com.authenticationservice.service.AuthServiceTest$AuthenticationTests
[ERROR] com.authenticationservice.service.AuthServiceTest$AuthenticationTests.login_shouldHandleMultipleFailedAttempts -- Time elapsed: 0.033 s <<< FAILURE!
org.opentest4j.AssertionFailedError: Exception message should indicate invalid password ==> expected: <Incorrect password> but was: <Invalid email or password>
	at org.junit.jupiter.api.AssertionFailureBuilder.build(AssertionFailureBuilder.java:151)
	at org.junit.jupiter.api.AssertionFailureBuilder.buildAndThrow(AssertionFailureBuilder.java:132)
	at org.junit.jupiter.api.AssertEquals.failNotEqual(AssertEquals.java:197)
	at org.junit.jupiter.api.AssertEquals.assertEquals(AssertEquals.java:182)
	at org.junit.jupiter.api.Assertions.assertEquals(Assertions.java:1156)
	at com.authenticationservice.service.AuthServiceTest$AuthenticationTests.login_shouldHandleMultipleFailedAttempts(AuthServiceTest.java:407)
	at java.base/java.lang.reflect.Method.invoke(Method.java:565)
	at java.base/java.util.ArrayList.forEach(ArrayList.java:1604)
	at java.base/java.util.ArrayList.forEach(ArrayList.java:1604)
	at java.base/java.util.ArrayList.forEach(ArrayList.java:1604)

[ERROR] com.authenticationservice.service.AuthServiceTest$AuthenticationTests.login_shouldThrowException_whenPasswordInvalid -- Time elapsed: 0.010 s <<< FAILURE!
org.opentest4j.AssertionFailedError: Exception message should indicate invalid password ==> expected: <Incorrect password> but was: <Invalid email or password>
	at org.junit.jupiter.api.AssertionFailureBuilder.build(AssertionFailureBuilder.java:151)
	at org.junit.jupiter.api.AssertionFailureBuilder.buildAndThrow(AssertionFailureBuilder.java:132)
	at org.junit.jupiter.api.AssertEquals.failNotEqual(AssertEquals.java:197)
	at org.junit.jupiter.api.AssertEquals.assertEquals(AssertEquals.java:182)
	at org.junit.jupiter.api.Assertions.assertEquals(Assertions.java:1156)
	at com.authenticationservice.service.AuthServiceTest$AuthenticationTests.login_shouldThrowException_whenPasswordInvalid(AuthServiceTest.java:362)
	at java.base/java.lang.reflect.Method.invoke(Method.java:565)
	at java.base/java.util.ArrayList.forEach(ArrayList.java:1604)
	at java.base/java.util.ArrayList.forEach(ArrayList.java:1604)
	at java.base/java.util.ArrayList.forEach(ArrayList.java:1604)

[INFO] Running com.authenticationservice.service.AuthServiceTest$EmailVerificationTests
[INFO] Tests run: 5, Failures: 0, Errors: 0, Skipped: 0, Time elapsed: 0.037 s -- in com.authenticationservice.service.AuthServiceTest$EmailVerificationTests
[INFO] Running com.authenticationservice.service.AuthServiceTest$RegistrationTests
2025-11-26T22:53:19.060+01:00  INFO 36000 --- [           main] c.a.service.AuthService                  : Starting registration process for email: test@example.com
2025-11-26T22:53:19.061+01:00  INFO 36000 --- [           main] c.a.service.AuthService                  : Generated verification token for email: test@example.com
2025-11-26T22:53:19.062+01:00 ERROR 36000 --- [           main] c.a.service.AuthService                  : Role ROLE_USER not found in database
2025-11-26T22:53:19.066+01:00  INFO 36000 --- [           main] c.a.service.AuthService                  : Starting registration process for email: test@example.com
2025-11-26T22:53:19.067+01:00 ERROR 36000 --- [           main] c.a.service.AuthService                  : Email test@example.com is not in whitelist
2025-11-26T22:53:19.070+01:00  INFO 36000 --- [           main] c.a.service.AuthService                  : Starting registration process for email: test@example.com
2025-11-26T22:53:19.071+01:00 ERROR 36000 --- [           main] c.a.service.AuthService                  : User with email test@example.com already exists
2025-11-26T22:53:19.076+01:00  INFO 36000 --- [           main] c.a.service.AuthService                  : Starting registration process for email: test@example.com
2025-11-26T22:53:19.076+01:00  INFO 36000 --- [           main] c.a.service.AuthService                  : Generated verification token for email: test@example.com
2025-11-26T22:53:19.076+01:00  INFO 36000 --- [           main] c.a.service.AuthService                  : User saved to database
2025-11-26T22:53:19.076+01:00  INFO 36000 --- [           main] c.a.service.AuthService                  : Verification token for test@example.com: 1f68c2f7-cc19-431c-81e0-a2b6795cddd3
2025-11-26T22:53:19.084+01:00  INFO 36000 --- [           main] c.a.service.AuthService                  : Starting registration process for email: test@example.com
2025-11-26T22:53:19.085+01:00  INFO 36000 --- [           main] c.a.service.AuthService                  : Generated verification token for email: test@example.com
2025-11-26T22:53:19.085+01:00  INFO 36000 --- [           main] c.a.service.AuthService                  : User saved to database
2025-11-26T22:53:19.085+01:00  INFO 36000 --- [           main] c.a.service.AuthService                  : Verification token for test@example.com: 19f423c5-4542-4cab-a3ca-82488558b483
2025-11-26T22:53:19.086+01:00  INFO 36000 --- [           main] c.a.service.AuthService                  : Verification email sent to test@example.com
[INFO] Tests run: 5, Failures: 0, Errors: 0, Skipped: 0, Time elapsed: 0.031 s -- in com.authenticationservice.service.AuthServiceTest$RegistrationTests
[INFO] Tests run: 0, Failures: 0, Errors: 0, Skipped: 0, Time elapsed: 0.344 s -- in com.authenticationservice.service.AuthServiceTest
[INFO] Running com.authenticationservice.service.EmailServiceTest
2025-11-26T22:53:19.092+01:00  INFO 36000 --- [           main] c.a.service.EmailService                 : Attempting to send email to: test@example.com
2025-11-26T22:53:19.092+01:00  INFO 36000 --- [           main] c.a.service.EmailService                 : Email successfully sent to: test@example.com
2025-11-26T22:53:19.094+01:00  INFO 36000 --- [           main] c.a.service.EmailService                 : Attempting to send email to: test@example.com
[INFO] Tests run: 2, Failures: 0, Errors: 0, Skipped: 0, Time elapsed: 0.006 s -- in com.authenticationservice.service.EmailServiceTest
[INFO] Running com.authenticationservice.service.ProfileServiceTest
[INFO] Running com.authenticationservice.service.ProfileServiceTest$PartialUpdateTests
2025-11-26T22:53:19.099+01:00 DEBUG 36000 --- [           main] c.a.service.ProfileService               : Updating profile for email: test@example.com
2025-11-26T22:53:19.101+01:00 DEBUG 36000 --- [           main] c.a.service.ProfileService               : Updating password for email: test@example.com
2025-11-26T22:53:19.101+01:00 DEBUG 36000 --- [           main] c.a.service.ProfileService               : Current password provided: yes
2025-11-26T22:53:19.101+01:00 DEBUG 36000 --- [           main] c.a.service.ProfileService               : Stored password: encodedPassword
2025-11-26T22:53:19.101+01:00 DEBUG 36000 --- [           main] c.a.service.ProfileService               : Password matches: true
2025-11-26T22:53:19.101+01:00 DEBUG 36000 --- [           main] c.a.service.ProfileService               : Password updated successfully for email: test@example.com
2025-11-26T22:53:19.101+01:00 DEBUG 36000 --- [           main] c.a.service.ProfileService               : Profile updated successfully for email: test@example.com
2025-11-26T22:53:19.106+01:00 DEBUG 36000 --- [           main] c.a.service.ProfileService               : Updating profile for email: test@example.com
2025-11-26T22:53:19.106+01:00 DEBUG 36000 --- [           main] c.a.service.ProfileService               : Profile updated successfully for email: test@example.com
2025-11-26T22:53:19.110+01:00 DEBUG 36000 --- [           main] c.a.service.ProfileService               : Updating profile for email: test@example.com
2025-11-26T22:53:19.110+01:00 DEBUG 36000 --- [           main] c.a.service.ProfileService               : Updating name for email: test@example.com
2025-11-26T22:53:19.110+01:00 DEBUG 36000 --- [           main] c.a.service.ProfileService               : Profile updated successfully for email: test@example.com
2025-11-26T22:53:19.115+01:00 DEBUG 36000 --- [           main] c.a.service.ProfileService               : Updating profile for email: test@example.com
2025-11-26T22:53:19.115+01:00 DEBUG 36000 --- [           main] c.a.service.ProfileService               : Profile updated successfully for email: test@example.com
[INFO] Tests run: 4, Failures: 0, Errors: 0, Skipped: 0, Time elapsed: 0.019 s -- in com.authenticationservice.service.ProfileServiceTest$PartialUpdateTests
[INFO] Running com.authenticationservice.service.ProfileServiceTest$ProfileRetrievalTests
[INFO] Tests run: 2, Failures: 0, Errors: 0, Skipped: 0, Time elapsed: 0.009 s -- in com.authenticationservice.service.ProfileServiceTest$ProfileRetrievalTests
[INFO] Running com.authenticationservice.service.ProfileServiceTest$UpdateProfileTests
2025-11-26T22:53:19.135+01:00 DEBUG 36000 --- [           main] c.a.service.ProfileService               : Updating profile for email: test@example.com
2025-11-26T22:53:19.137+01:00 DEBUG 36000 --- [           main] c.a.service.ProfileService               : Updating password for email: test@example.com
2025-11-26T22:53:19.137+01:00 DEBUG 36000 --- [           main] c.a.service.ProfileService               : Current password provided: yes
2025-11-26T22:53:19.137+01:00 DEBUG 36000 --- [           main] c.a.service.ProfileService               : Stored password: encodedPassword
2025-11-26T22:53:19.137+01:00 DEBUG 36000 --- [           main] c.a.service.ProfileService               : Password matches: false
2025-11-26T22:53:19.137+01:00 ERROR 36000 --- [           main] c.a.service.ProfileService               : Incorrect current password for email: test@example.com
2025-11-26T22:53:19.142+01:00 DEBUG 36000 --- [           main] c.a.service.ProfileService               : Updating profile for email: test@example.com
2025-11-26T22:53:19.142+01:00 DEBUG 36000 --- [           main] c.a.service.ProfileService               : Updating password for email: test@example.com
2025-11-26T22:53:19.142+01:00 DEBUG 36000 --- [           main] c.a.service.ProfileService               : Current password provided: yes
2025-11-26T22:53:19.142+01:00 DEBUG 36000 --- [           main] c.a.service.ProfileService               : Stored password: encodedPassword
2025-11-26T22:53:19.142+01:00 DEBUG 36000 --- [           main] c.a.service.ProfileService               : Password matches: true
2025-11-26T22:53:19.142+01:00 DEBUG 36000 --- [           main] c.a.service.ProfileService               : Password updated successfully for email: test@example.com
2025-11-26T22:53:19.142+01:00 DEBUG 36000 --- [           main] c.a.service.ProfileService               : Updating name for email: test@example.com
2025-11-26T22:53:19.144+01:00 DEBUG 36000 --- [           main] c.a.service.ProfileService               : Profile updated successfully for email: test@example.com
2025-11-26T22:53:19.147+01:00 DEBUG 36000 --- [           main] c.a.service.ProfileService               : Updating profile for email: test@example.com
2025-11-26T22:53:19.148+01:00 ERROR 36000 --- [           main] c.a.service.ProfileService               : User not found for email: test@example.com
[INFO] Tests run: 3, Failures: 0, Errors: 0, Skipped: 0, Time elapsed: 0.016 s -- in com.authenticationservice.service.ProfileServiceTest$UpdateProfileTests
[INFO] Tests run: 0, Failures: 0, Errors: 0, Skipped: 0, Time elapsed: 0.053 s -- in com.authenticationservice.service.ProfileServiceTest
[INFO] 
[INFO] Results:
[INFO] 
[ERROR] Failures: 
[ERROR]   AuthServiceTest$AuthenticationTests.login_shouldHandleMultipleFailedAttempts:407 Exception message should indicate invalid password ==> expected: <Incorrect password> but was: <Invalid email or password>
[ERROR]   AuthServiceTest$AuthenticationTests.login_shouldThrowException_whenPasswordInvalid:362 Exception message should indicate invalid password ==> expected: <Incorrect password> but was: <Invalid email or password>
[INFO] 
[ERROR] Tests run: 97, Failures: 2, Errors: 0, Skipped: 0
[INFO] 
[INFO] ------------------------------------------------------------------------
[INFO] BUILD FAILURE
[INFO] ------------------------------------------------------------------------
[INFO] Total time:  19.594 s
[INFO] Finished at: 2025-11-26T22:53:19+01:00
[INFO] ------------------------------------------------------------------------
[ERROR] Failed to execute goal org.apache.maven.plugins:maven-surefire-plugin:3.5.3:test (default-test) on project authorization-service: There are test failures.
[ERROR] 
[ERROR] See D:\Projects\Authentication-service\backend\target\surefire-reports for the individual test results.
[ERROR] See dump files (if any exist) [date].dump, [date]-jvmRun[N].dump and [date].dumpstream.
[ERROR] -> [Help 1]
[ERROR] 
[ERROR] To see the full stack trace of the errors, re-run Maven with the -e switch.
[ERROR] Re-run Maven using the -X switch to enable full debug logging.
[ERROR] 
[ERROR] For more information about the errors and possible solutions, please read the following articles:
[ERROR] [Help 1] http://cwiki.apache.org/confluence/display/MAVEN/MojoFailureException
